// Jest Snapshot v1, https://goo.gl/fbAQLP

exports[`matches snapshot 1`] = `
<Component
  style={
    Object {
      "alignItems": "center",
      "backgroundColor": "#fff",
      "flex": 1,
    }
  }
>
  <PedometerSensor
    setSteps={[Function]}
  />
  <PedometerProgressBar
    steps={0}
  />
</Component>
`;
