// Jest Snapshot v1, https://goo.gl/fbAQLP

exports[`renders correctly 1`] = `
<View
  style={
    Array [
      Object {
        "alignSelf": "stretch",
        "backgroundColor": "#F5FCFF",
        "flex": 1,
        "justifyContent": "center",
        "paddingTop": 5,
      },
      Object {
        "paddingBottom": undefined,
      },
    ]
  }
>
  <Text
    accessible={true}
    allowFontScaling={true}
    ellipsizeMode="tail"
    style={
      Object {
        "alignSelf": "center",
        "fontSize": 14,
        "padding": 8,
      }
    }
  >
    Maybe you should add some tasks? ðŸ¤”
  </Text>
  <TextInput
    allowFontScaling={true}
    onChangeText={[Function]}
    onSubmitEditing={[Function]}
    placeholder="Add a task!"
    returnKeyLabel="done"
    returnKeyType="done"
    style={
      Object {
        "borderColor": "#e0e2e5",
        "borderWidth": 1,
        "height": 50,
        "paddingLeft": 10,
        "paddingRight": 10,
        "width": "100%",
      }
    }
    value=""
  />
</View>
`;
